sample.interval=20000
"gc" "system.time" 
".External" "pnorm" "t" "compdens_conv.unimix" "compdens_conv" "t" "EMest" "ash" "system.time" 
".External" "pnorm" "t" "compdens_conv.unimix" "compdens_conv" "t" "EMest" "ash" "system.time" 
"/" "compdens_conv.unimix" "compdens_conv" "t" "EMest" "ash" "system.time" 
"/" "compdens_conv.unimix" "compdens_conv" "t" "EMest" "ash" "system.time" 
"list" "EMest" "ash" "system.time" 
"outer" "pnorm" "t" "compdens_conv.unimix" "compdens_conv" "t" "comppostprob.default" "comppostprob" "is.data.frame" "colSums" "ash" "system.time" 
"outer" "pnorm" "t" "compdens_conv.unimix" "compdens_conv" "t" "comppostprob.default" "comppostprob" "is.data.frame" "colSums" "ash" "system.time" 
".External" "pnorm" "t" "compdens_conv.unimix" "compdens_conv" "t" "comppostprob.default" "comppostprob" "is.data.frame" "colSums" "ash" "system.time" 
"-" "t" "compdens_conv.unimix" "compdens_conv" "t" "comppostprob.default" "comppostprob" "is.data.frame" "colSums" "ash" "system.time" 
"-" "t" "compdens_conv.unimix" "compdens_conv" "t" "comppostprob.default" "comppostprob" "is.data.frame" "colSums" "ash" "system.time" 
"outer" "pnorm" "t" "compdens_conv.unimix" "compdens_conv" "is.data.frame" "colSums" "dens_conv.default" "dens_conv" "comppostprob.default" "comppostprob" "is.data.frame" "colSums" "ash" "system.time" 
"outer" "pnorm" "t" "compdens_conv.unimix" "compdens_conv" "is.data.frame" "colSums" "dens_conv.default" "dens_conv" "comppostprob.default" "comppostprob" "is.data.frame" "colSums" "ash" "system.time" 
"outer" "pnorm" "t" "compdens_conv.unimix" "compdens_conv" "is.data.frame" "colSums" "dens_conv.default" "dens_conv" "comppostprob.default" "comppostprob" "is.data.frame" "colSums" "ash" "system.time" 
".External" "pnorm" "t" "compdens_conv.unimix" "compdens_conv" "is.data.frame" "colSums" "dens_conv.default" "dens_conv" "comppostprob.default" "comppostprob" "is.data.frame" "colSums" "ash" "system.time" 
"-" "t" "compdens_conv.unimix" "compdens_conv" "is.data.frame" "colSums" "dens_conv.default" "dens_conv" "comppostprob.default" "comppostprob" "is.data.frame" "colSums" "ash" "system.time" 
"outer" "pnorm" "t" "compdens_conv.unimix" "compdens_conv" "t" "comppostprob.default" "comppostprob" "is.data.frame" "colSums" "cdf_post.default" "cdf_post" "ash" "system.time" 
"outer" "pnorm" "t" "compdens_conv.unimix" "compdens_conv" "t" "comppostprob.default" "comppostprob" "is.data.frame" "colSums" "cdf_post.default" "cdf_post" "ash" "system.time" 
".External" "pnorm" "t" "compdens_conv.unimix" "compdens_conv" "t" "comppostprob.default" "comppostprob" "is.data.frame" "colSums" "cdf_post.default" "cdf_post" "ash" "system.time" 
"outer" "pnorm" "t" "compdens_conv.unimix" "compdens_conv" "is.data.frame" "colSums" "dens_conv.default" "dens_conv" "comppostprob.default" "comppostprob" "is.data.frame" "colSums" "cdf_post.default" "cdf_post" "ash" "system.time" 
".External" "pnorm" "t" "compdens_conv.unimix" "compdens_conv" "is.data.frame" "colSums" "dens_conv.default" "dens_conv" "comppostprob.default" "comppostprob" "is.data.frame" "colSums" "cdf_post.default" "cdf_post" "ash" "system.time" 
"outer" "pnorm" "t" "compdens_conv.unimix" "compdens_conv" "is.data.frame" "colSums" "dens_conv.default" "dens_conv" "comppostprob.default" "comppostprob" "is.data.frame" "colSums" "cdf_post.default" "cdf_post" "ash" "system.time" 
"outer" "pnorm" "t" "compdens_conv.unimix" "compdens_conv" "is.data.frame" "colSums" "dens_conv.default" "dens_conv" "comppostprob.default" "comppostprob" "is.data.frame" "colSums" "cdf_post.default" "cdf_post" "ash" "system.time" 
"t.default" "t" "compdens_conv.unimix" "compdens_conv" "is.data.frame" "colSums" "dens_conv.default" "dens_conv" "comppostprob.default" "comppostprob" "is.data.frame" "colSums" "cdf_post.default" "cdf_post" "ash" "system.time" 
"/" "compdens_conv.unimix" "compdens_conv" "is.data.frame" "colSums" "dens_conv.default" "dens_conv" "comppostprob.default" "comppostprob" "is.data.frame" "colSums" "cdf_post.default" "cdf_post" "ash" "system.time" 
"outer" "pnorm" "t" "compdens_conv.unimix" "compdens_conv" "t" "comppostprob.default" "comppostprob" "is.data.frame" "colSums" "postmean.default" "postmean" "ash" "system.time" 
"outer" "pnorm" "t" "compdens_conv.unimix" "compdens_conv" "t" "comppostprob.default" "comppostprob" "is.data.frame" "colSums" "postmean.default" "postmean" "ash" "system.time" 
"outer" "pnorm" "t" "compdens_conv.unimix" "compdens_conv" "t" "comppostprob.default" "comppostprob" "is.data.frame" "colSums" "postmean.default" "postmean" "ash" "system.time" 
"-" "t" "compdens_conv.unimix" "compdens_conv" "t" "comppostprob.default" "comppostprob" "is.data.frame" "colSums" "postmean.default" "postmean" "ash" "system.time" 
"outer" "pnorm" "t" "compdens_conv.unimix" "compdens_conv" "is.data.frame" "colSums" "dens_conv.default" "dens_conv" "comppostprob.default" "comppostprob" "is.data.frame" "colSums" "postmean.default" "postmean" "ash" "system.time" 
"/" "compdens_conv.unimix" "compdens_conv" "is.data.frame" "colSums" "dens_conv.default" "dens_conv" "comppostprob.default" "comppostprob" "is.data.frame" "colSums" "postmean.default" "postmean" "ash" "system.time" 
"/" "compdens_conv.unimix" "compdens_conv" "is.data.frame" "colSums" "dens_conv.default" "dens_conv" "comppostprob.default" "comppostprob" "is.data.frame" "colSums" "postmean.default" "postmean" "ash" "system.time" 
"outer" "comp_postmean.unimix" "comp_postmean" "is.data.frame" "colSums" "postmean.default" "postmean" "ash" "system.time" 
"/" "my_etruncnorm" "comp_postmean.unimix" "comp_postmean" "is.data.frame" "colSums" "postmean.default" "postmean" "ash" "system.time" 
"my_etruncnorm" "comp_postmean.unimix" "comp_postmean" "is.data.frame" "colSums" "postmean.default" "postmean" "ash" "system.time" 
"my_etruncnorm" "comp_postmean.unimix" "comp_postmean" "is.data.frame" "colSums" "postmean.default" "postmean" "ash" "system.time" 
".Call" "etruncnorm" "my_etruncnorm" "comp_postmean.unimix" "comp_postmean" "is.data.frame" "colSums" "postmean.default" "postmean" "ash" "system.time" 
".Call" "etruncnorm" "my_etruncnorm" "comp_postmean.unimix" "comp_postmean" "is.data.frame" "colSums" "postmean.default" "postmean" "ash" "system.time" 
"+" "my_etruncnorm" "comp_postmean.unimix" "comp_postmean" "is.data.frame" "colSums" "postmean.default" "postmean" "ash" "system.time" 
"ifelse" "my_etruncnorm" "comp_postmean.unimix" "comp_postmean" "is.data.frame" "colSums" "postmean.default" "postmean" "ash" "system.time" 
"ifelse" "my_etruncnorm" "comp_postmean.unimix" "comp_postmean" "is.data.frame" "colSums" "postmean.default" "postmean" "ash" "system.time" 
"ifelse" "my_etruncnorm" "comp_postmean.unimix" "comp_postmean" "is.data.frame" "colSums" "postmean.default" "postmean" "ash" "system.time" 
"ifelse" "my_etruncnorm" "comp_postmean.unimix" "comp_postmean" "is.data.frame" "colSums" "postmean.default" "postmean" "ash" "system.time" 
"ifelse" "my_etruncnorm" "comp_postmean.unimix" "comp_postmean" "is.data.frame" "colSums" "postmean.default" "postmean" "ash" "system.time" 
"ifelse" "my_etruncnorm" "comp_postmean.unimix" "comp_postmean" "is.data.frame" "colSums" "postmean.default" "postmean" "ash" "system.time" 
"ifelse" "my_etruncnorm" "comp_postmean.unimix" "comp_postmean" "is.data.frame" "colSums" "postmean.default" "postmean" "ash" "system.time" 
"ifelse" "my_etruncnorm" "comp_postmean.unimix" "comp_postmean" "is.data.frame" "colSums" "postmean.default" "postmean" "ash" "system.time" 
"ifelse" "my_etruncnorm" "comp_postmean.unimix" "comp_postmean" "is.data.frame" "colSums" "postmean.default" "postmean" "ash" "system.time" 
"ifelse" "my_etruncnorm" "comp_postmean.unimix" "comp_postmean" "is.data.frame" "colSums" "postmean.default" "postmean" "ash" "system.time" 
"ifelse" "my_etruncnorm" "comp_postmean.unimix" "comp_postmean" "is.data.frame" "colSums" "postmean.default" "postmean" "ash" "system.time" 
"ifelse" "my_etruncnorm" "comp_postmean.unimix" "comp_postmean" "is.data.frame" "colSums" "postmean.default" "postmean" "ash" "system.time" 
"ifelse" "my_etruncnorm" "comp_postmean.unimix" "comp_postmean" "is.data.frame" "colSums" "postmean.default" "postmean" "ash" "system.time" 
"ifelse" "my_etruncnorm" "comp_postmean.unimix" "comp_postmean" "is.data.frame" "colSums" "postmean.default" "postmean" "ash" "system.time" 
"ifelse" "my_etruncnorm" "comp_postmean.unimix" "comp_postmean" "is.data.frame" "colSums" "postmean.default" "postmean" "ash" "system.time" 
"my_etruncnorm" "comp_postmean.unimix" "comp_postmean" "is.data.frame" "colSums" "postmean.default" "postmean" "ash" "system.time" 
"outer" "pnorm" "t" "compdens_conv.unimix" "compdens_conv" "t" "comppostprob.default" "comppostprob" "is.data.frame" "colSums" "postmean2.default" "postmean2" "postsd.default" "postsd" "ash" "system.time" 
".External" "pnorm" "t" "compdens_conv.unimix" "compdens_conv" "t" "comppostprob.default" "comppostprob" "is.data.frame" "colSums" "postmean2.default" "postmean2" "postsd.default" "postsd" "ash" "system.time" 
".External" "pnorm" "t" "compdens_conv.unimix" "compdens_conv" "t" "comppostprob.default" "comppostprob" "is.data.frame" "colSums" "postmean2.default" "postmean2" "postsd.default" "postsd" "ash" "system.time" 
".External" "pnorm" "t" "compdens_conv.unimix" "compdens_conv" "is.data.frame" "colSums" "dens_conv.default" "dens_conv" "comppostprob.default" "comppostprob" "is.data.frame" "colSums" "postmean2.default" "postmean2" "postsd.default" "postsd" "ash" "system.time" 
"outer" "pnorm" "t" "compdens_conv.unimix" "compdens_conv" "is.data.frame" "colSums" "dens_conv.default" "dens_conv" "comppostprob.default" "comppostprob" "is.data.frame" "colSums" "postmean2.default" "postmean2" "postsd.default" "postsd" "ash" "system.time" 
".External" "pnorm" "t" "compdens_conv.unimix" "compdens_conv" "is.data.frame" "colSums" "dens_conv.default" "dens_conv" "comppostprob.default" "comppostprob" "is.data.frame" "colSums" "postmean2.default" "postmean2" "postsd.default" "postsd" "ash" "system.time" 
"outer" "comp_postmean.unimix" "comp_postmean" "comp_postmean2.default" "comp_postmean2" "is.data.frame" "colSums" "postmean2.default" "postmean2" "postsd.default" "postsd" "ash" "system.time" 
"/" "comp_postmean.unimix" "comp_postmean" "comp_postmean2.default" "comp_postmean2" "is.data.frame" "colSums" "postmean2.default" "postmean2" "postsd.default" "postsd" "ash" "system.time" 
"my_etruncnorm" "comp_postmean.unimix" "comp_postmean" "comp_postmean2.default" "comp_postmean2" "is.data.frame" "colSums" "postmean2.default" "postmean2" "postsd.default" "postsd" "ash" "system.time" 
"my_etruncnorm" "comp_postmean.unimix" "comp_postmean" "comp_postmean2.default" "comp_postmean2" "is.data.frame" "colSums" "postmean2.default" "postmean2" "postsd.default" "postsd" "ash" "system.time" 
"^" "my_etruncnorm" "comp_postmean.unimix" "comp_postmean" "comp_postmean2.default" "comp_postmean2" "is.data.frame" "colSums" "postmean2.default" "postmean2" "postsd.default" "postsd" "ash" "system.time" 
".Call" "etruncnorm" "my_etruncnorm" "comp_postmean.unimix" "comp_postmean" "comp_postmean2.default" "comp_postmean2" "is.data.frame" "colSums" "postmean2.default" "postmean2" "postsd.default" "postsd" "ash" "system.time" 
"+" "my_etruncnorm" "comp_postmean.unimix" "comp_postmean" "comp_postmean2.default" "comp_postmean2" "is.data.frame" "colSums" "postmean2.default" "postmean2" "postsd.default" "postsd" "ash" "system.time" 
"<" "ifelse" "my_etruncnorm" "comp_postmean.unimix" "comp_postmean" "comp_postmean2.default" "comp_postmean2" "is.data.frame" "colSums" "postmean2.default" "postmean2" "postsd.default" "postsd" "ash" "system.time" 
"ifelse" "my_etruncnorm" "comp_postmean.unimix" "comp_postmean" "comp_postmean2.default" "comp_postmean2" "is.data.frame" "colSums" "postmean2.default" "postmean2" "postsd.default" "postsd" "ash" "system.time" 
"ifelse" "my_etruncnorm" "comp_postmean.unimix" "comp_postmean" "comp_postmean2.default" "comp_postmean2" "is.data.frame" "colSums" "postmean2.default" "postmean2" "postsd.default" "postsd" "ash" "system.time" 
"ifelse" "my_etruncnorm" "comp_postmean.unimix" "comp_postmean" "comp_postmean2.default" "comp_postmean2" "is.data.frame" "colSums" "postmean2.default" "postmean2" "postsd.default" "postsd" "ash" "system.time" 
"ifelse" "my_etruncnorm" "comp_postmean.unimix" "comp_postmean" "comp_postmean2.default" "comp_postmean2" "is.data.frame" "colSums" "postmean2.default" "postmean2" "postsd.default" "postsd" "ash" "system.time" 
"ifelse" "my_etruncnorm" "comp_postmean.unimix" "comp_postmean" "comp_postmean2.default" "comp_postmean2" "is.data.frame" "colSums" "postmean2.default" "postmean2" "postsd.default" "postsd" "ash" "system.time" 
"ifelse" "my_etruncnorm" "comp_postmean.unimix" "comp_postmean" "comp_postmean2.default" "comp_postmean2" "is.data.frame" "colSums" "postmean2.default" "postmean2" "postsd.default" "postsd" "ash" "system.time" 
"ifelse" "my_etruncnorm" "comp_postmean.unimix" "comp_postmean" "comp_postmean2.default" "comp_postmean2" "is.data.frame" "colSums" "postmean2.default" "postmean2" "postsd.default" "postsd" "ash" "system.time" 
"ifelse" "my_etruncnorm" "comp_postmean.unimix" "comp_postmean" "comp_postmean2.default" "comp_postmean2" "is.data.frame" "colSums" "postmean2.default" "postmean2" "postsd.default" "postsd" "ash" "system.time" 
"ifelse" "my_etruncnorm" "comp_postmean.unimix" "comp_postmean" "comp_postmean2.default" "comp_postmean2" "is.data.frame" "colSums" "postmean2.default" "postmean2" "postsd.default" "postsd" "ash" "system.time" 
"ifelse" "my_etruncnorm" "comp_postmean.unimix" "comp_postmean" "comp_postmean2.default" "comp_postmean2" "is.data.frame" "colSums" "postmean2.default" "postmean2" "postsd.default" "postsd" "ash" "system.time" 
"ifelse" "my_etruncnorm" "comp_postmean.unimix" "comp_postmean" "comp_postmean2.default" "comp_postmean2" "is.data.frame" "colSums" "postmean2.default" "postmean2" "postsd.default" "postsd" "ash" "system.time" 
"ifelse" "my_etruncnorm" "comp_postmean.unimix" "comp_postmean" "comp_postmean2.default" "comp_postmean2" "is.data.frame" "colSums" "postmean2.default" "postmean2" "postsd.default" "postsd" "ash" "system.time" 
"ifelse" "my_etruncnorm" "comp_postmean.unimix" "comp_postmean" "comp_postmean2.default" "comp_postmean2" "is.data.frame" "colSums" "postmean2.default" "postmean2" "postsd.default" "postsd" "ash" "system.time" 
"my_etruncnorm" "comp_postmean.unimix" "comp_postmean" "comp_postmean2.default" "comp_postmean2" "is.data.frame" "colSums" "postmean2.default" "postmean2" "postsd.default" "postsd" "ash" "system.time" 
"*" "is.data.frame" "colSums" "postmean2.default" "postmean2" "postsd.default" "postsd" "ash" "system.time" 
"colSums" "postmean2.default" "postmean2" "postsd.default" "postsd" "ash" "system.time" 
"outer" "pnorm" "t" "compdens_conv.unimix" "compdens_conv" "t" "comppostprob.default" "comppostprob" "is.data.frame" "colSums" "postmean.default" "postmean" "postsd.default" "postsd" "ash" "system.time" 
"outer" "pnorm" "t" "compdens_conv.unimix" "compdens_conv" "t" "comppostprob.default" "comppostprob" "is.data.frame" "colSums" "postmean.default" "postmean" "postsd.default" "postsd" "ash" "system.time" 
".External" "pnorm" "t" "compdens_conv.unimix" "compdens_conv" "t" "comppostprob.default" "comppostprob" "is.data.frame" "colSums" "postmean.default" "postmean" "postsd.default" "postsd" "ash" "system.time" 
"-" "t" "compdens_conv.unimix" "compdens_conv" "t" "comppostprob.default" "comppostprob" "is.data.frame" "colSums" "postmean.default" "postmean" "postsd.default" "postsd" "ash" "system.time" 
".External" "pnorm" "t" "compdens_conv.unimix" "compdens_conv" "is.data.frame" "colSums" "dens_conv.default" "dens_conv" "comppostprob.default" "comppostprob" "is.data.frame" "colSums" "postmean.default" "postmean" "postsd.default" "postsd" "ash" "system.time" 
"-" "t" "compdens_conv.unimix" "compdens_conv" "is.data.frame" "colSums" "dens_conv.default" "dens_conv" "comppostprob.default" "comppostprob" "is.data.frame" "colSums" "postmean.default" "postmean" "postsd.default" "postsd" "ash" "system.time" 
"outer" "comp_postmean.unimix" "comp_postmean" "is.data.frame" "colSums" "postmean.default" "postmean" "postsd.default" "postsd" "ash" "system.time" 
"-" "my_etruncnorm" "comp_postmean.unimix" "comp_postmean" "is.data.frame" "colSums" "postmean.default" "postmean" "postsd.default" "postsd" "ash" "system.time" 
"my_etruncnorm" "comp_postmean.unimix" "comp_postmean" "is.data.frame" "colSums" "postmean.default" "postmean" "postsd.default" "postsd" "ash" "system.time" 
"my_etruncnorm" "comp_postmean.unimix" "comp_postmean" "is.data.frame" "colSums" "postmean.default" "postmean" "postsd.default" "postsd" "ash" "system.time" 
".Call" "etruncnorm" "my_etruncnorm" "comp_postmean.unimix" "comp_postmean" "is.data.frame" "colSums" "postmean.default" "postmean" "postsd.default" "postsd" "ash" "system.time" 
".Call" "etruncnorm" "my_etruncnorm" "comp_postmean.unimix" "comp_postmean" "is.data.frame" "colSums" "postmean.default" "postmean" "postsd.default" "postsd" "ash" "system.time" 
"ifelse" "my_etruncnorm" "comp_postmean.unimix" "comp_postmean" "is.data.frame" "colSums" "postmean.default" "postmean" "postsd.default" "postsd" "ash" "system.time" 
"ifelse" "my_etruncnorm" "comp_postmean.unimix" "comp_postmean" "is.data.frame" "colSums" "postmean.default" "postmean" "postsd.default" "postsd" "ash" "system.time" 
"ifelse" "my_etruncnorm" "comp_postmean.unimix" "comp_postmean" "is.data.frame" "colSums" "postmean.default" "postmean" "postsd.default" "postsd" "ash" "system.time" 
"ifelse" "my_etruncnorm" "comp_postmean.unimix" "comp_postmean" "is.data.frame" "colSums" "postmean.default" "postmean" "postsd.default" "postsd" "ash" "system.time" 
"ifelse" "my_etruncnorm" "comp_postmean.unimix" "comp_postmean" "is.data.frame" "colSums" "postmean.default" "postmean" "postsd.default" "postsd" "ash" "system.time" 
"ifelse" "my_etruncnorm" "comp_postmean.unimix" "comp_postmean" "is.data.frame" "colSums" "postmean.default" "postmean" "postsd.default" "postsd" "ash" "system.time" 
"ifelse" "my_etruncnorm" "comp_postmean.unimix" "comp_postmean" "is.data.frame" "colSums" "postmean.default" "postmean" "postsd.default" "postsd" "ash" "system.time" 
"ifelse" "my_etruncnorm" "comp_postmean.unimix" "comp_postmean" "is.data.frame" "colSums" "postmean.default" "postmean" "postsd.default" "postsd" "ash" "system.time" 
"ifelse" "my_etruncnorm" "comp_postmean.unimix" "comp_postmean" "is.data.frame" "colSums" "postmean.default" "postmean" "postsd.default" "postsd" "ash" "system.time" 
"ifelse" "my_etruncnorm" "comp_postmean.unimix" "comp_postmean" "is.data.frame" "colSums" "postmean.default" "postmean" "postsd.default" "postsd" "ash" "system.time" 
"ifelse" "my_etruncnorm" "comp_postmean.unimix" "comp_postmean" "is.data.frame" "colSums" "postmean.default" "postmean" "postsd.default" "postsd" "ash" "system.time" 
"ifelse" "my_etruncnorm" "comp_postmean.unimix" "comp_postmean" "is.data.frame" "colSums" "postmean.default" "postmean" "postsd.default" "postsd" "ash" "system.time" 
"my_etruncnorm" "comp_postmean.unimix" "comp_postmean" "is.data.frame" "colSums" "postmean.default" "postmean" "postsd.default" "postsd" "ash" "system.time" 
"ifelse" "compute_lfsr" "ash" "system.time" 
"list" "ash" "system.time" 
